// Jest Snapshot v1, https://goo.gl/fbAQLP

exports[`AddFlight renders add flight form correctly 1`] = `
<div
  aria-hidden="true"
  aria-labelledby="addModalLabel"
  className="modal fade"
  id="addModal"
  tabIndex="-1"
>
  <form
    onSubmit={[Function]}
  >
    <div
      className="modal-dialog"
    >
      <div
        className="modal-content"
      >
        <div
          className="modal-header"
        >
          <h1
            className="modal-title"
            id="addModalLabel"
          >
            Add a New Flight
          </h1>
          <button
            aria-label="Close"
            className="btn-close"
            data-bs-dismiss="modal"
            type="button"
          />
        </div>
        <div
          className="modal-body"
        >
          <input
            className="form-control mt-3"
            data-testid="flight-name-input"
            onChange={[Function]}
            placeholder="Flight Name"
            required={true}
            type="text"
            value=""
          />
          <input
            className="form-control mt-3"
            data-testid="flight-picture-input"
            onChange={[Function]}
            placeholder="Picture URL for the flight"
            required={true}
            type="text"
            value=""
          />
          <input
            className="form-control mt-3"
            data-testid="flight-base-price-input"
            onChange={[Function]}
            placeholder="Base Price for the destination"
            required={true}
            type="number"
            value={null}
          />
          <input
            className="form-control mt-3"
            data-testid="flight-available-slots-input"
            onChange={[Function]}
            placeholder="Available Slots for the destination"
            required={true}
            type="number"
            value={null}
          />
        </div>
        <div
          className="modal-footer"
        >
          <button
            className="btn btn-danger form-control mt-2"
            data-bs-dismiss="modal"
            type="button"
          >
            Cancel
          </button>
          <button
            className="btn add-submit form-control mt-3"
            data-bs-dismiss="modal"
            data-testid="add-flight-form"
            type="submit"
          >
            Create a Flight
          </button>
        </div>
      </div>
    </div>
  </form>
</div>
`;
